{
  "version": "1.5.0",
  "plugins_used": [
    {
      "name": "ArtifactoryDetector"
    },
    {
      "name": "AWSKeyDetector"
    },
    {
      "name": "AzureStorageKeyDetector"
    },
    {
      "name": "Base64HighEntropyString",
      "limit": 4.5
    },
    {
      "name": "BasicAuthDetector"
    },
    {
      "name": "CloudantDetector"
    },
    {
      "name": "DiscordBotTokenDetector"
    },
    {
      "name": "GitHubTokenDetector"
    },
    {
      "name": "GitLabTokenDetector"
    },
    {
      "name": "HexHighEntropyString",
      "limit": 3.0
    },
    {
      "name": "IbmCloudIamDetector"
    },
    {
      "name": "IbmCosHmacDetector"
    },
    {
      "name": "IPPublicDetector"
    },
    {
      "name": "JwtTokenDetector"
    },
    {
      "name": "KeywordDetector",
      "keyword_exclude": ""
    },
    {
      "name": "MailchimpDetector"
    },
    {
      "name": "NpmDetector"
    },
    {
      "name": "OpenAIDetector"
    },
    {
      "name": "PrivateKeyDetector"
    },
    {
      "name": "PypiTokenDetector"
    },
    {
      "name": "SendGridDetector"
    },
    {
      "name": "SlackDetector"
    },
    {
      "name": "SoftlayerDetector"
    },
    {
      "name": "SquareOAuthDetector"
    },
    {
      "name": "StripeDetector"
    },
    {
      "name": "TelegramBotTokenDetector"
    },
    {
      "name": "TwilioKeyDetector"
    }
  ],
  "filters_used": [
    {
      "path": "detect_secrets.filters.allowlist.is_line_allowlisted"
    },
    {
      "path": "detect_secrets.filters.common.is_baseline_file",
      "filename": "C:\\Users\\DELL\\Documents\\Codex\\2026-08-19\\new-chat\\outputs\\AutoTest-AI\\.secrets.baseline"
    },
    {
      "path": "detect_secrets.filters.heuristic.is_indirect_reference"
    },
    {
      "path": "detect_secrets.filters.heuristic.is_likely_id_string"
    },
    {
      "path": "detect_secrets.filters.heuristic.is_lock_file"
    },
    {
      "path": "detect_secrets.filters.heuristic.is_not_alphanumeric_string"
    },
    {
      "path": "detect_secrets.filters.heuristic.is_potential_uuid"
    },
    {
      "path": "detect_secrets.filters.heuristic.is_prefixed_with_dollar_sign"
    },
    {
      "path": "detect_secrets.filters.heuristic.is_sequential_string"
    },
    {
      "path": "detect_secrets.filters.heuristic.is_swagger_file"
    },
    {
      "path": "detect_secrets.filters.heuristic.is_templated_secret"
    },
    {
      "path": "detect_secrets.filters.regex.should_exclude_file",
      "pattern": [
        "(^|[\\\\/])\\.secrets\\.baseline$"
      ]
    }
  ],
  "results": {
    "quality_hub_backend\\services\\jmeter_skill_gate.py": [
      {
        "type": "Hex High Entropy String",
        "filename": "quality_hub_backend\\services\\jmeter_skill_gate.py",
        "hashed_secret": "1cabce6fcd0d9d497a394dcb9940730d74bb9ce8",
        "is_verified": false,
        "line_number": 14
      },
      {
        "type": "Hex High Entropy String",
        "filename": "quality_hub_backend\\services\\jmeter_skill_gate.py",
        "hashed_secret": "68149bd8b449232a040273d50ea2350a4fd181a8",
        "is_verified": false,
        "line_number": 21
      }
    ],
    "requirements\\salary-trade\\outputs\\jmeter\\load-test\\stage-01-baseline.preflight.json": [
      {
        "type": "Hex High Entropy String",
        "filename": "requirements\\salary-trade\\outputs\\jmeter\\load-test\\stage-01-baseline.preflight.json",
        "hashed_secret": "1cabce6fcd0d9d497a394dcb9940730d74bb9ce8",
        "is_verified": false,
        "line_number": 17
      },
      {
        "type": "Hex High Entropy String",
        "filename": "requirements\\salary-trade\\outputs\\jmeter\\load-test\\stage-01-baseline.preflight.json",
        "hashed_secret": "78cb88f69447ede96541284c41a45099ab5672af",
        "is_verified": false,
        "line_number": 55
      },
      {
        "type": "Hex High Entropy String",
        "filename": "requirements\\salary-trade\\outputs\\jmeter\\load-test\\stage-01-baseline.preflight.json",
        "hashed_secret": "68149bd8b449232a040273d50ea2350a4fd181a8",
        "is_verified": false,
        "line_number": 75
      }
    ],
    "requirements\\salary-trade\\outputs\\jmeter\\load-test\\stage-01-concurrency.preflight.json": [
      {
        "type": "Hex High Entropy String",
        "filename": "requirements\\salary-trade\\outputs\\jmeter\\load-test\\stage-01-concurrency.preflight.json",
        "hashed_secret": "1cabce6fcd0d9d497a394dcb9940730d74bb9ce8",
        "is_verified": false,
        "line_number": 17
      },
      {
        "type": "Hex High Entropy String",
        "filename": "requirements\\salary-trade\\outputs\\jmeter\\load-test\\stage-01-concurrency.preflight.json",
        "hashed_secret": "2eb56b7585f3615668f11e472a04e88b2e075062",
        "is_verified": false,
        "line_number": 55
      },
      {
        "type": "Hex High Entropy String",
        "filename": "requirements\\salary-trade\\outputs\\jmeter\\load-test\\stage-01-concurrency.preflight.json",
        "hashed_secret": "68149bd8b449232a040273d50ea2350a4fd181a8",
        "is_verified": false,
        "line_number": 75
      }
    ],
    "requirements\\salary-trade\\outputs\\jmeter\\load-test\\stage-01-mcp-live-validation.preflight.json": [
      {
        "type": "Hex High Entropy String",
        "filename": "requirements\\salary-trade\\outputs\\jmeter\\load-test\\stage-01-mcp-live-validation.preflight.json",
        "hashed_secret": "1cabce6fcd0d9d497a394dcb9940730d74bb9ce8",
        "is_verified": false,
        "line_number": 17
      },
      {
        "type": "Hex High Entropy String",
        "filename": "requirements\\salary-trade\\outputs\\jmeter\\load-test\\stage-01-mcp-live-validation.preflight.json",
        "hashed_secret": "7193a0d21edb4e8825e3016c887778c0939f6f38",
        "is_verified": false,
        "line_number": 44
      },
      {
        "type": "Hex High Entropy String",
        "filename": "requirements\\salary-trade\\outputs\\jmeter\\load-test\\stage-01-mcp-live-validation.preflight.json",
        "hashed_secret": "68149bd8b449232a040273d50ea2350a4fd181a8",
        "is_verified": false,
        "line_number": 64
      }
    ],
    "requirements\\salary-trade\\outputs\\jmeter\\load-test\\stage-02-light-load.preflight.json": [
      {
        "type": "Hex High Entropy String",
        "filename": "requirements\\salary-trade\\outputs\\jmeter\\load-test\\stage-02-light-load.preflight.json",
        "hashed_secret": "1cabce6fcd0d9d497a394dcb9940730d74bb9ce8",
        "is_verified": false,
        "line_number": 17
      },
      {
        "type": "Hex High Entropy String",
        "filename": "requirements\\salary-trade\\outputs\\jmeter\\load-test\\stage-02-light-load.preflight.json",
        "hashed_secret": "7dcc191849eaba081d55c1fe3edeccc201173bec",
        "is_verified": false,
        "line_number": 44
      },
      {
        "type": "Hex High Entropy String",
        "filename": "requirements\\salary-trade\\outputs\\jmeter\\load-test\\stage-02-light-load.preflight.json",
        "hashed_secret": "68149bd8b449232a040273d50ea2350a4fd181a8",
        "is_verified": false,
        "line_number": 64
      }
    ],
    "requirements\\salary-trade\\outputs\\jmeter\\load-test\\stage-03-target-load.preflight.json": [
      {
        "type": "Hex High Entropy String",
        "filename": "requirements\\salary-trade\\outputs\\jmeter\\load-test\\stage-03-target-load.preflight.json",
        "hashed_secret": "1cabce6fcd0d9d497a394dcb9940730d74bb9ce8",
        "is_verified": false,
        "line_number": 17
      },
      {
        "type": "Hex High Entropy String",
        "filename": "requirements\\salary-trade\\outputs\\jmeter\\load-test\\stage-03-target-load.preflight.json",
        "hashed_secret": "07408da1a50886bc1a3ed5ca214bede2c1d1f23e",
        "is_verified": false,
        "line_number": 44
      },
      {
        "type": "Hex High Entropy String",
        "filename": "requirements\\salary-trade\\outputs\\jmeter\\load-test\\stage-03-target-load.preflight.json",
        "hashed_secret": "68149bd8b449232a040273d50ea2350a4fd181a8",
        "is_verified": false,
        "line_number": 64
      }
    ],
    "requirements\\salary-trade\\outputs\\jmeter\\load-test\\stage-04-capacity-search.preflight.json": [
      {
        "type": "Hex High Entropy String",
        "filename": "requirements\\salary-trade\\outputs\\jmeter\\load-test\\stage-04-capacity-search.preflight.json",
        "hashed_secret": "1cabce6fcd0d9d497a394dcb9940730d74bb9ce8",
        "is_verified": false,
        "line_number": 17
      },
      {
        "type": "Hex High Entropy String",
        "filename": "requirements\\salary-trade\\outputs\\jmeter\\load-test\\stage-04-capacity-search.preflight.json",
        "hashed_secret": "28856845bff1fed1bd66f3be15d1ea9c92a61dee",
        "is_verified": false,
        "line_number": 44
      },
      {
        "type": "Hex High Entropy String",
        "filename": "requirements\\salary-trade\\outputs\\jmeter\\load-test\\stage-04-capacity-search.preflight.json",
        "hashed_secret": "68149bd8b449232a040273d50ea2350a4fd181a8",
        "is_verified": false,
        "line_number": 64
      }
    ]
  },
  "generated_at": "2026-09-07T08:01:18Z"
}
